// Jest Snapshot v1, https://goo.gl/fbAQLP

exports[`CostCard should render correctly 1`] = `
<WithStyles(ForwardRef(Card))>
  <WithStyles(ForwardRef(CardHeader))
    title={
      <ForwardRef(WithStyles)
        className="makeStyles-title-1"
        variant="h5"
      >
        Title
      </ForwardRef(WithStyles)>
    }
  />
  <WithStyles(ForwardRef(CardContent))>
    <WithStyles(ForwardRef(Typography))
      align="center"
      color="primary"
      variant="h3"
    >
      20.00
    </WithStyles(ForwardRef(Typography))>
  </WithStyles(ForwardRef(CardContent))>
</WithStyles(ForwardRef(Card))>
`;
